[gmpg.org/xfn/11.html]
[canterburyinternational.com.au/wp-content/uploads/2018/04/cropped-canterbury_international_hotel.png]
[backblue.gif]
[fade.gif]
[index.html]
[www.canterburyinternational.com.au/wp-content/plugins/contact-form-7/assets/ajax-loader.gif]
[www.canterburyinternational.com.au/wp-content/plugins/revslider/public/assets/fonts/revicons/revicons.eot]
[www.canterburyinternational.com.au/wp-content/plugins/revslider/public/assets/fonts/revicons/revicons.woff]
[www.canterburyinternational.com.au/wp-content/plugins/revslider/public/assets/fonts/revicons/revicons.ttf]
[www.canterburyinternational.com.au/wp-content/plugins/revslider/public/assets/assets/gridtile.png]
[www.canterburyinternational.com.au/wp-content/plugins/revslider/public/assets/assets/gridtile_white.png]
[www.canterburyinternational.com.au/wp-content/plugins/revslider/public/assets/assets/gridtile_3x3.png]
[www.canterburyinternational.com.au/wp-content/plugins/revslider/public/assets/assets/gridtile_3x3_white.png]
[www.canterburyinternational.com.au/wp-content/plugins/revslider/public/assets/assets/coloredbg.png]
[www.canterburyinternational.com.au/wp-content/plugins/revslider/public/assets/assets/loader.gif]
[www.canterburyinternational.com.au/wp-content/themes/clarion/assets/css/galleria/themes/simple/loader.gif]
[www.canterburyinternational.com.au/wp-content/themes/clarion/assets/css/galleria/themes/simple/classic-map.png]
[www.canterburyinternational.com.au/wp-content/themes/clarion/assets/js/slick/previous.png]
[www.canterburyinternational.com.au/wp-content/themes/clarion/assets/js/slick/next.png]
[www.canterburyinternational.com.au/wp-content/themes/clarion/assets/js/slick/fonts/slick.woff]
[www.canterburyinternational.com.au/wp-content/themes/clarion/assets/js/slick/fonts/slick.ttf]
[www.canterburyinternational.com.au/wp-content/plugins/js_composer/assets/vc/alert.png]
[www.canterburyinternational.com.au/wp-content/plugins/js_composer/assets/vc/info.png]
[www.canterburyinternational.com.au/wp-content/plugins/js_composer/assets/vc/tick.png]
[www.canterburyinternational.com.au/wp-content/plugins/js_composer/assets/vc/exclamation.png]
[www.canterburyinternational.com.au/wp-content/plugins/js_composer/assets/images/icons/address-book.png]
[www.canterburyinternational.com.au/wp-content/plugins/js_composer/assets/images/icons/alarm-clock.png]
[www.canterburyinternational.com.au/wp-content/plugins/js_composer/assets/images/icons/anchor.png]
[www.canterburyinternational.com.au/wp-content/plugins/js_composer/assets/images/icons/application-image.png]
[www.canterburyinternational.com.au/wp-content/plugins/js_composer/assets/images/icons/arrow.png]
[www.canterburyinternational.com.au/wp-content/plugins/js_composer/assets/images/icons/asterisk.png]
[www.canterburyinternational.com.au/wp-content/plugins/js_composer/assets/images/icons/auction-hammer.png]
[www.canterburyinternational.com.au/wp-content/plugins/js_composer/assets/images/icons/balloon.png]
[www.canterburyinternational.com.au/wp-content/plugins/js_composer/assets/images/icons/balloon-buzz.png]
[www.canterburyinternational.com.au/wp-content/plugins/js_composer/assets/images/icons/balloon-facebook.png]
[www.canterburyinternational.com.au/wp-content/plugins/js_composer/assets/images/icons/balloon-twitter.png]
[www.canterburyinternational.com.au/wp-content/plugins/js_composer/assets/images/icons/battery-full.png]
[www.canterburyinternational.com.au/wp-content/plugins/js_composer/assets/images/icons/binocular.png]
[www.canterburyinternational.com.au/wp-content/plugins/js_composer/assets/images/icons/blue-document-excel.png]
[www.canterburyinternational.com.au/wp-content/plugins/js_composer/assets/images/icons/blue-document-image.png]
[www.canterburyinternational.com.au/wp-content/plugins/js_composer/assets/images/icons/blue-document-music.png]
[www.canterburyinternational.com.au/wp-content/plugins/js_composer/assets/images/icons/blue-document-office.png]
[www.canterburyinternational.com.au/wp-content/plugins/js_composer/assets/images/icons/blue-document-pdf.png]
[www.canterburyinternational.com.au/wp-content/plugins/js_composer/assets/images/icons/blue-document-powerpoint.png]
[www.canterburyinternational.com.au/wp-content/plugins/js_composer/assets/images/icons/blue-document-word.png]
[www.canterburyinternational.com.au/wp-content/plugins/js_composer/assets/images/icons/bookmark.png]
[www.canterburyinternational.com.au/wp-content/plugins/js_composer/assets/images/icons/camcorder.png]
[www.canterburyinternational.com.au/wp-content/plugins/js_composer/assets/images/icons/camera.png]
[www.canterburyinternational.com.au/wp-content/plugins/js_composer/assets/images/icons/chart.png]
[www.canterburyinternational.com.au/wp-content/plugins/js_composer/assets/images/icons/chart-pie.png]
[www.canterburyinternational.com.au/wp-content/plugins/js_composer/assets/images/icons/clock.png]
[www.canterburyinternational.com.au/wp-content/plugins/js_composer/assets/images/icons/control.png]
[www.canterburyinternational.com.au/wp-content/plugins/js_composer/assets/images/icons/fire.png]
[www.canterburyinternational.com.au/wp-content/plugins/js_composer/assets/images/icons/heart.png]
[www.canterburyinternational.com.au/wp-content/plugins/js_composer/assets/images/icons/mail.png]
[www.canterburyinternational.com.au/wp-content/plugins/js_composer/assets/images/icons/plus-shield.png]
[www.canterburyinternational.com.au/wp-content/plugins/js_composer/assets/images/icons/video.png]
[www.canterburyinternational.com.au/wp-content/plugins/js_composer/assets/fonts/vc_icons_v2/fonts/vcpb-plugin-icons.eot]
[www.canterburyinternational.com.au/wp-content/plugins/js_composer/assets/fonts/vc_icons_v2/fonts/vcpb-plugin-icons.ttf]
[www.canterburyinternational.com.au/wp-content/plugins/js_composer/assets/fonts/vc_icons_v2/fonts/vcpb-plugin-icons.woff]
[www.canterburyinternational.com.au/wp-content/plugins/js_composer/assets/images/toggle_open.png]
[www.canterburyinternational.com.au/wp-content/plugins/js_composer/assets/images/toggle_close.png]
[www.canterburyinternational.com.au/wp-content/plugins/js_composer/assets/images/flickr.png]
[www.canterburyinternational.com.au/wp-content/plugins/js_composer/assets/fonts/vc_grid/vc_grid_v1.eot]
[www.canterburyinternational.com.au/wp-content/plugins/js_composer/assets/fonts/vc_grid/vc_grid_v1.woff]
[www.canterburyinternational.com.au/wp-content/plugins/js_composer/assets/fonts/vc_grid/vc_grid_v1.ttf]
[www.canterburyinternational.com.au/wp-content/plugins/js_composer/assets/images/spinner.gif]
[www.canterburyinternational.com.au/wp-content/plugins/js_composer/assets/vc/remove.png]
[www.canterburyinternational.com.au/wp-content/plugins/js_composer/assets/lib/bower/font-awesome/webfonts/fa-brands-400.eot]
[www.canterburyinternational.com.au/wp-content/plugins/js_composer/assets/lib/bower/font-awesome/webfonts/fa-brands-400.woff]
[www.canterburyinternational.com.au/wp-content/plugins/js_composer/assets/lib/bower/font-awesome/webfonts/fa-brands-400.ttf]
[www.canterburyinternational.com.au/wp-content/plugins/js_composer/assets/lib/bower/font-awesome/webfonts/fa-regular-400.eot]
[www.canterburyinternational.com.au/wp-content/plugins/js_composer/assets/lib/bower/font-awesome/webfonts/fa-regular-400.woff]
[www.canterburyinternational.com.au/wp-content/plugins/js_composer/assets/lib/bower/font-awesome/webfonts/fa-regular-400.ttf]
[www.canterburyinternational.com.au/wp-content/plugins/js_composer/assets/lib/bower/font-awesome/webfonts/fa-solid-900.eot]
[www.canterburyinternational.com.au/wp-content/plugins/js_composer/assets/lib/bower/font-awesome/webfonts/fa-solid-900.woff]
[www.canterburyinternational.com.au/wp-content/plugins/js_composer/assets/lib/bower/font-awesome/webfonts/fa-solid-900.ttf]
[www.canterburyinternational.com.au/wp-includes/js/jquery/jquery.min9d52.js]
[www.canterburyinternational.com.au/wp-includes/js/jquery/jquery-migrate.mind617.js]
[www.canterburyinternational.com.au/wp-content/plugins/revslider/public/assets/js/jquery.themepunch.tools.minf542.js]
[www.canterburyinternational.com.au/wp-content/plugins/revslider/public/assets/js/jquery.themepunch.revolution.minf542.js]
[www.canterburyinternational.com.au/wp-json/wp/v2/pages/1269.json]
[www.canterburyinternational.com.au/wp-content/uploads/2018/04/canterbury_international_hotel-100x100.png]
[www.canterburyinternational.com.au/wp-content/uploads/2018/04/canterbury_international_hotel.png]
[connect.facebook.net/en_US/fbevents.js]
[www.facebook.com/trb3ad.gif]
[www.canterburyinternational.com.au/wp-content/plugins/smart-slider-3/Public/SmartSlider3/Application/Frontend/Assets/dist/n2.min3ed9.js]
[www.canterburyinternational.com.au/wp-content/plugins/smart-slider-3/Public/SmartSlider3/Application/Frontend/Assets/dist/smartslider-frontend.min3ed9.js]
[www.canterburyinternational.com.au/wp-content/plugins/smart-slider-3/Public/SmartSlider3/Slider/SliderType/Simple/Assets/dist/smartslider-simple-type-frontend.min3ed9.js]
[www.canterburyinternational.com.au/wp-content/uploads/2020/02/front-v2-e1586505412860.png]
[www.canterburyinternational.com.au/wp-content/uploads/slider3/website-slide-optimised-5.jpg]
[www.canterburyinternational.com.au/wp-content/uploads/slider3/website-slide-optimised-2.jpg]
[www.canterburyinternational.com.au/wp-content/uploads/slider3/website-slide-optimised-3.jpg]
[www.canterburyinternational.com.au/wp-content/uploads/2020/02/pres-rm-210-bed-bW.jpg]
[www.canterburyinternational.com.au/wp-content/uploads/2020/07/img1.png]
[www.tripadvisor.com.au/img/cdsi/img2/awards/v2/tchotel_2020_LL-14348-2.png]
[www.canterburyinternational.com.au/wp-content/uploads/2020/07/m_image.png]
[www.canterburyinternational.com.au/wp-content/themes/clarion/assets/js/jquery.matchHeight.js]
[www.canterburyinternational.com.au/wp-content/uploads/2021/03/lunch-1.png]
[www.canterburyinternational.com.au/wp-content/uploads/2021/03/dinner-1.png]
[pixboost.com/api/2/img/http_/canterburyinternational.com.au/wp-content/uploads/2018/03/accommodation-1.jpg/resize92b7.jpg]
[pixboost.com/api/2/img/http_/canterburyinternational.com.au/wp-content/uploads/2018/03/conferences.jpg/resize92b7.jpg]
[pixboost.com/api/2/img/http_/canterburyinternational.com.au/wp-content/uploads/2018/03/olivers-restaurant.jpg/resize92b7.jpg]
[www.canterburyinternational.com.au/wp-content/uploads/2018/03/icon-air.gif]
[www.canterburyinternational.com.au/wp-content/uploads/2018/03/icon-train.gif]
[www.canterburyinternational.com.au/wp-content/uploads/2018/03/icon-parking.gif]
[www.canterburyinternational.com.au/wp-content/themes/clarion/assets/images/24/btn-instagram.png]
[www.canterburyinternational.com.au/wp-content/themes/clarion/assets/images/22/btn-facebook.png]
[www.canterburyinternational.com.au/wp-content/themes/clarion/assets/images/linkedin-round.png]
[www.canterburyinternational.com.au/wp-content/themes/clarion/assets/images/39/tripadvisor.png]
[www.canterburyinternational.com.au/wp-content/uploads/2021/03/1.png]
[www.canterburyinternational.com.au/wp-content/uploads/2021/03/2.png]
[www.canterburyinternational.com.au/wp-content/uploads/2021/03/3.png]
[www.canterburyinternational.com.au/wp-content/uploads/2021/03/4.png]
[www.canterburyinternational.com.au/wp-content/uploads/2021/03/5.png]
[www.canterburyinternational.com.au/wp-content/uploads/2021/03/6.png]
[www.canterburyinternational.com.au/wp-content/uploads/2021/03/7-1.png]
[www.canterburyinternational.com.au/wp-content/uploads/2021/03/8-1.png]
[www.canterburyinternational.com.au/wp-content/uploads/2021/03/9-1.png]
[www.canterburyinternational.com.au/wp-content/uploads/2021/03/10-1.png]
[www.canterburyinternational.com.au/wp-content/plugins/contact-form-7/includes/js/scripts9dff.js]
[www.canterburyinternational.com.au/wp-content/themes/clarion/assets/js/skip-link-focus-fix5152.js]
[www.canterburyinternational.com.au/wp-content/themes/clarion/assets/js/jquery.scrollTo431f.js]
[www.canterburyinternational.com.au/wp-content/themes/clarion/assets/js/forms.min431f.js]
[www.canterburyinternational.com.au/wp-content/themes/clarion/assets/js/galleria/galleria-1.5.6.min431f.js]
[www.canterburyinternational.com.au/wp-content/themes/clarion/assets/js/jquery-ui/jquery-ui.min431f.js]
[www.canterburyinternational.com.au/wp-content/themes/clarion/assets/js/slicknav/jquery.slicknav431f.js]
[www.canterburyinternational.com.au/wp-content/themes/clarion/assets/js/slick/slick.min431f.js]
[www.canterburyinternational.com.au/wp-content/themes/clarion/assets/js/mlddmenu431f.js]
[www.canterburyinternational.com.au/wp-content/themes/clarion/assets/js/slick/slick-lightbox431f.js]
[www.canterburyinternational.com.au/wp-content/themes/clarion/assets/js/init431f.js]
[www.canterburyinternational.com.au/wp-content/plugins/js_composer/assets/js/dist/js_composer_front.mine6df.js]
[www.canterburyinternational.com.au/wp-includes/js/jquery/ui/core.min35d0.js]
[www.canterburyinternational.com.au/wp-content/uploads/pum/pum-site-scriptsd879.js]
[www.canterburyinternational.com.au/wp-includes/js/wp-embed.min4c7e.js]
[www.canterburyinternational.com.au/wp-content/themes/clarion/assets/js/galleria/galleria.simple.js]
[www.canterburyinternational.com.au/index.html]
[widget.siteminder.com/ibe.min.js]
[gmpg.org/xfn/default.css]
[gmpg.org/xfn/.html]
[gmpg.org/xfn/intro.html]
[gmpg.org/xfn/faq.html]
[gmpg.org/xfn/11.html]
[www.canterburyinternational.com.au/wp-content/plugins/revslider/public/assets/css/openhand.html]
[www.canterburyinternational.com.au/wp-content/plugins/revslider/public/assets/css/closedhand.html]
[www.canterburyinternational.com.au/wp-content/themes/clarion/assets/js/slick/fonts/slick.html]
[www.canterburyinternational.com.au/wp-content/plugins/js_composer/assets/lib/bower/font-awesome/webfonts/fa-brands-400.html]
[www.canterburyinternational.com.au/wp-content/plugins/js_composer/assets/lib/bower/font-awesome/webfonts/fa-regular-400.html]
[www.canterburyinternational.com.au/wp-content/plugins/js_composer/assets/lib/bower/font-awesome/webfonts/fa-solid-900.html]
[www.canterburyinternational.com.au/index2d0f.html]
[www.canterburyinternational.com.au/wp-json/wp/v2/pages/9.json]
[www.canterburyinternational.com.au/wp-content/uploads/2018/03/accommodation.jpg]
[www.canterburyinternational.com.au/wp-content/uploads/2018/03/STD@025x.jpg]
[www.canterburyinternational.com.au/wp-content/uploads/2018/03/DLX@025x.jpg]
[www.canterburyinternational.com.au/wp-content/uploads/2018/03/twin-room-type-1_5133-r@025x.jpg]
[www.canterburyinternational.com.au/wp-content/uploads/2018/03/twin-room_5111-r@025x.jpg]
[www.canterburyinternational.com.au/wp-content/uploads/2018/03/EXECUTIVE-SUITE@025x.jpg]
[www.canterburyinternational.com.au/wp-content/uploads/2018/03/1Bedroom-APT-1@025x.jpg]
[www.canterburyinternational.com.au/wp-content/uploads/2019/02/1Bedroom-Apartment-Bed_WEB.jpg]
[www.canterburyinternational.com.au/wp-content/uploads/2019/02/windsor-room_WEB.jpg]
[www.canterburyinternational.com.au/wp-content/plugins/js_composer/assets/lib/vc_waypoints/vc-waypoints.mine6df.js]
[www.canterburyinternational.com.au/accommodation-2/index.html]
[www.canterburyinternational.com.au/wp-json/wp/v2/pages/11.json]
[www.canterburyinternational.com.au/wp-content/uploads/2018/03/yorkshire-page.jpg]
[www.canterburyinternational.com.au/wp-content/uploads/2018/03/phone.png]
[www.canterburyinternational.com.au/wp-content/uploads/2018/03/email.png]
[www.canterburyinternational.com.au/wp-content/uploads/2018/03/download.png]
[canterburyinternational.com.au/wp-content/uploads/2018/09/Fact-Sheets-.pdf]
[www.canterburyinternational.com.au/melbourne-conference-venues/index.html]
[www.canterburyinternational.com.au/wp-json/wp/v2/pages/13.json]
[www.canterburyinternational.com.au/wp-content/uploads/2018/03/conferences-page.jpg]
[canterburyinternational.com.au/wp-content/uploads/2018/03/clarion-conferences.pdf]
[canterburyinternational.com.au/wp-content/uploads/2018/07/CIH9591-Canterbury-Intl-Hotel-Fact-Sheets-x2-Kinds_01.pdf]
[www.canterburyinternational.com.au/wp-content/uploads/2018/03/savoy-room-banquet-style-_5187-r@025x.jpg]
[www.canterburyinternational.com.au/wp-content/uploads/2018/03/regency-room-ushape-style_5179-r@025x.jpg]
[www.canterburyinternational.com.au/wp-content/uploads/2019/02/Ballroom-event-Banquet-style-_WEB.jpg]
[www.canterburyinternational.com.au/wp-content/uploads/2018/03/yorkshire-room@025x-1.jpg]
[www.canterburyinternational.com.au/wp-content/uploads/2019/02/stamford-room_WEB.jpg]
[www.canterburyinternational.com.au/wp-content/uploads/2018/03/OAKFORD-ROOM-CABARET-SETUP@025x.jpg]
[www.canterburyinternational.com.au/melbourne-conference-venues/functions/index.html]
[www.canterburyinternational.com.au/wp-json/wp/v2/pages/15.json]
[www.canterburyinternational.com.au/wp-content/uploads/2018/03/ballroom-1.jpg]
[pixboost.com/api/2/img/https_/canterburyinternational.com.au/wp-content/uploads/2019/04/CanterburyInternational_041.jpg/resize92b7.jpg]
[www.canterburyinternational.com.au/wp-content/uploads/2021/03/High-Tea-1.png]
[pixboost.com/api/2/img/https_/canterburyinternational.com.au/wp-content/uploads/2019/07/IMG_0469-e1562304246423.jpg/resize92b7.jpg]
[pixboost.com/api/2/img/https_/canterburyinternational.com.au/wp-content/uploads/2019/04/IMG_4802-r.jpg/resize92b7.jpg]
[canterburyinternational.com.au/wp-content/uploads/2019/07/Beverage-Packages.pdf]
[www.canterburyinternational.com.au/melbourne-conference-venues/events/index.html]
[www.canterburyinternational.com.au/wp-json/wp/v2/pages/617.json]
[www.canterburyinternational.com.au/wp-content/uploads/2019/06/twin-room_5111-r.jpg]
[www.canterburyinternational.com.au/specials/index.html]
[www.canterburyinternational.com.au/wp-json/wp/v2/pages/17.json]
[www.canterburyinternational.com.au/wp-content/uploads/2018/03/weddings.jpg]
[pixboost.com/api/2/img/http_/canterburyinternational.com.au/wp-content/uploads/2018/03/bride.jpg/resize92b7.jpg]
[www.canterburyinternational.com.au/weddings/index.html]
[www.canterburyinternational.com.au/wp-json/wp/v2/pages/19.json]
[pixboost.com/api/2/img/http_/canterburyinternational.com.au/wp-content/uploads/2018/03/ballroom-wedding.jpg/resize92b7.jpg]
[pixboost.com/api/2/img/http_/canterburyinternational.com.au/wp-content/uploads/2018/03/atrium-wedding.jpg/resize92b7.jpg]
[pixboost.com/api/2/img/http_/canterburyinternational.com.au/wp-content/uploads/2018/03/courtyard-wedding.jpg/resize92b7.jpg]
[www.canterburyinternational.com.au/weddings/wedding-ceremonies/index.html]
[www.canterburyinternational.com.au/wp-json/wp/v2/pages/21.json]
[www.canterburyinternational.com.au/weddings/wedding-packages/index.html]
[www.canterburyinternational.com.au/dining/olivers-restaurant/index.html]
[www.canterburyinternational.com.au/wp-json/wp/v2/pages/31.json]
[www.canterburyinternational.com.au/about/index.html]
[www.canterburyinternational.com.au/wp-content/uploads/2019/04/Foyer_entrance_web_banner.jpg]
[www.canterburyinternational.com.au/wp-json/wp/v2/pages/33.json]
[www.canterburyinternational.com.au/wp-content/uploads/2019/04/GYM-_grey-1.jpg]
[www.canterburyinternational.com.au/wp-content/uploads/2018/03/swimming-pool.jpg]
[www.canterburyinternational.com.au/wp-content/uploads/2018/03/endota-spa.jpg]
[www.canterburyinternational.com.au/wp-content/uploads/2018/03/courtyard.jpg]
[www.canterburyinternational.com.au/about/facilities/index.html]
[www.canterburyinternational.com.au/wp-json/wp/v2/pages/35.json]
[www.canterburyinternational.com.au/about/customer-reviews/index.html]
[www.canterburyinternational.com.au/wp-json/wp/v2/pages/1085.json]
[www.canterburyinternational.com.au/wp-content/uploads/2020/01/Puffing-Billy-at-Emerald-Town-Station-1.jpg]
[www.canterburyinternational.com.au/wp-content/uploads/2020/01/20180930-1-5-1.jpg]
[www.canterburyinternational.com.au/wp-content/uploads/2020/01/20180930-1-1.jpg]
[www.canterburyinternational.com.au/wp-content/uploads/2020/01/20180930-1-2-1.jpg]
[www.canterburyinternational.com.au/wp-content/uploads/2020/01/20180930-1-3-1.jpg]
[www.canterburyinternational.com.au/wp-content/uploads/2020/01/skyhigh.jpg]
[www.canterburyinternational.com.au/wp-content/uploads/2020/01/slider_2-1.jpg]
[www.canterburyinternational.com.au/wp-content/uploads/2020/01/1000-Steps-visitdandenongranges.jpg]
[www.canterburyinternational.com.au/wp-content/uploads/2020/01/tulip.jpg]
[www.canterburyinternational.com.au/attractions/index.html]
[www.canterburyinternational.com.au/wp-json/wp/v2/pages/37.json]
[www.canterburyinternational.com.au/wp-content/uploads/2019/06/IMG_5557.jpg]
[www.canterburyinternational.com.au/contact/index.html]
[www.canterburyinternational.com.au/wp-json/wp/v2/pages/41.json]
[www.canterburyinternational.com.au/terms-conditions/index.html]
[www.canterburyinternational.com.au/wp-json/wp/v2/pages/39.json]
[www.canterburyinternational.com.au/privacy-policy/index.html]
[gmpg.org/xfn/.html]
[gmpg.org/xfn/intro.html]
[gmpg.org/xfn/faq.html]
[www.canterburyinternational.com.au/wp-json/wp/v2/pages/1749.json]
[www.canterburyinternational.com.au/covid/index.html]
[www.canterburyinternational.com.au/wp-content/uploads/2018/03/Savoy-Room-Boardroom-Setup-r@025x.jpg]
[www.canterburyinternational.com.au/wp-content/uploads/2018/03/Savoy-room-Theatre-Setup-r@025x.jpg]
[www.canterburyinternational.com.au/wp-content/uploads/2018/03/Savoy-Room-Ushape-Setup-r@025x.jpg]
[www.canterburyinternational.com.au/wp-content/uploads/2018/03/savoy-room-banquet-style-_5187-r@025x-1.jpg]
[www.canterburyinternational.com.au/wp-content/uploads/2018/03/SAVOY-BANQUET-STYLE.jpg]
[www.canterburyinternational.com.au/wp-content/uploads/2018/03/SAVOY-USHAPE-STYLE.jpg]
[www.canterburyinternational.com.au/wp-content/uploads/2018/03/SAVOY-CLASSROOM-STYLE.jpg]
[www.canterburyinternational.com.au/wp-content/uploads/2018/03/SAVOY-ROOM-THEATRE-STYLE.jpg]
[www.canterburyinternational.com.au/conference_rooms/savoy-room/index.html]
[www.canterburyinternational.com.au/wp-content/uploads/2018/03/regency-room.jpg]
[www.canterburyinternational.com.au/wp-content/uploads/2018/03/REGENCY-ROOM-BANQUET-SETUP@025x.jpg]
[www.canterburyinternational.com.au/wp-content/uploads/2018/03/REGENCY-ROOM-BOARDROOM-SETUP@025x.jpg]
[www.canterburyinternational.com.au/wp-content/uploads/2018/03/REGENCY-ROOM-CABARET-SETUP@025x.jpg]
[www.canterburyinternational.com.au/wp-content/uploads/2018/03/REGENCY-ROOM-THEATRE-SETUP@025x.jpg]
[www.canterburyinternational.com.au/wp-content/uploads/2018/03/regency-room-ushape-style_5179-r@025x-1.jpg]
[www.canterburyinternational.com.au/wp-content/uploads/2018/03/REGENCY-BANQUET-STYLE.jpg]
[www.canterburyinternational.com.au/wp-content/uploads/2018/03/REGENCY-ROOM-BOARDROOM-STYLE.jpg]
[www.canterburyinternational.com.au/wp-content/uploads/2018/03/REGENCY-ROOM-CLASSROOM-STYLE.jpg]
[www.canterburyinternational.com.au/wp-content/uploads/2018/03/REGENCY-ROOM-THEATRE-STYLE.jpg]
[www.canterburyinternational.com.au/wp-content/uploads/2018/03/REGENCY-ROOM-USHAPE-STYLE.jpg]
[www.canterburyinternational.com.au/conference_rooms/regency-room/index.html]
[www.canterburyinternational.com.au/wp-content/uploads/2019/02/BALLROOM-THEATRE-SETUP_WEB.jpg]
[www.canterburyinternational.com.au/wp-content/uploads/2019/02/BALLROOM-CABARET-SETUP_WEB.jpg]
[www.canterburyinternational.com.au/wp-content/uploads/2019/02/Ballroom-Wedding_WEB.jpg]
[www.canterburyinternational.com.au/wp-content/uploads/2019/02/Ballroom-Wedding-3._WEB.jpg]
[www.canterburyinternational.com.au/wp-content/uploads/2018/03/BALLROOM-CLASSROOM-STYLE.jpg]
[www.canterburyinternational.com.au/wp-content/uploads/2018/03/BALLROOM-THEATRE-STYLE-1.jpg]
[www.canterburyinternational.com.au/wp-content/uploads/2018/03/BALLROOM-USHAPE-STYLE-1.jpg]
[www.canterburyinternational.com.au/wp-content/uploads/2018/03/BALLROOM-BANQUET-STYLE-1.jpg]
[www.canterburyinternational.com.au/conference_rooms/ballroom/index.html]
[www.canterburyinternational.com.au/wp-content/uploads/2018/03/yorkshire-room@025x.jpg]
[www.canterburyinternational.com.au/wp-content/uploads/2018/03/YORKSHIRE-BOARDROOM.jpg]
[www.canterburyinternational.com.au/conference_rooms/yorkshire-boardroom/index.html]
[www.canterburyinternational.com.au/wp-content/uploads/2018/03/stamform-1.jpg]
[www.canterburyinternational.com.au/wp-content/uploads/2018/03/STAMFORD-BOARDROOM.jpg]
[www.canterburyinternational.com.au/conference_rooms/stamford-boardroom/index.html]
[www.canterburyinternational.com.au/wp-content/uploads/2018/03/oakford-1.jpg]
[www.canterburyinternational.com.au/wp-content/uploads/2018/03/OAKFORD-ROOM-CABARET-SETUP@025x-1.jpg]
[www.canterburyinternational.com.au/wp-content/uploads/2018/03/oakford-room-theatre-style_5207-r@025x.jpg]
[www.canterburyinternational.com.au/wp-content/uploads/2018/03/OAKFORD-ROOM-BOARDROOM-SETUP@025x.jpg]
[www.canterburyinternational.com.au/wp-content/uploads/2018/03/OAKFORD-ROOM-BANQUET-SETUP@025x.jpg]
[www.canterburyinternational.com.au/wp-content/uploads/2018/03/OAKFORD-ROOM-USHAPE-SETUP@025x.jpg]
[www.canterburyinternational.com.au/wp-content/uploads/2018/03/OAKFORD-ROOM-BANQUET.jpg]
[www.canterburyinternational.com.au/wp-content/uploads/2018/03/OAKFORD-ROOM-BOARDROOM.jpg]
[www.canterburyinternational.com.au/wp-content/uploads/2018/03/OAKFORD-ROOM-CLASSROOM-STYLE.jpg]
[www.canterburyinternational.com.au/wp-content/uploads/2018/03/thumb-OAKFORD-ROOM-USHAPE-STYLE.jpg]
[www.canterburyinternational.com.au/conference_rooms/oakford-room/index.html]
[www.canterburyinternational.com.au/wp-json/wp/v2/pages/1289.json]
[www.canterburyinternational.com.au/wp-content/uploads/2020/03/Canterbury_Food_dessert-banner.jpg]
[www.canterburyinternational.com.au/wp-content/uploads/2020/03/Canterbury_Food-March19_030_LR.jpg]
[www.canterburyinternational.com.au/wp-content/uploads/2020/03/Canterbury_Food-March19_052_LR.jpg]
[www.canterburyinternational.com.au/wp-content/uploads/2020/03/Canterbury_Food-March19_096_LR.jpg]
[www.canterburyinternational.com.au/wp-content/uploads/2020/03/Canterbury_Food-March19_067_LR.jpg]
[www.canterburyinternational.com.au/wp-content/uploads/2021/02/SAMPLE-Feb-2021-Lunch-Menu.docx]
[www.canterburyinternational.com.au/wp-content/uploads/2021/02/SAMPLE-Feb-2021-Dinner-Menu.docx]
[www.canterburyinternational.com.au/olivers-restaurant/index.html]
[www.canterburyinternational.com.au/conference_rooms/index.html]
[www.canterburyinternational.com.au/feed/index.html]
[www.canterburyinternational.com.au/comments/feed/index.html]
[www.canterburyinternational.com.au/wp-json/wp/v2/posts/1.json]
[www.canterburyinternational.com.au/wp-includes/js/comment-reply.min4c7e.js]
[www.canterburyinternational.com.au/2018/03/19/hello-world/index.html]
[www.canterburyinternational.com.au/2018/03/index.html]
[www.canterburyinternational.com.au/wp-json/wp/v2/categories/1.json]
[www.canterburyinternational.com.au/category/uncategorized/index.html]
[www.canterburyinternational.com.au/wp-includes/js/zxcvbn-async.min5152.js]
[www.canterburyinternational.com.au/wp-includes/js/dist/vendor/wp-polyfill.min89b1.js]
[www.canterburyinternational.com.au/wp-includes/js/dist/vendor/wp-polyfill-fetch.min6e0e.js]
[www.canterburyinternational.com.au/wp-includes/js/dist/vendor/wp-polyfill-node-contains.min2e00.js]
[www.canterburyinternational.com.au/wp-includes/js/dist/vendor/wp-polyfill-dom-rect.min2e00.js]
[www.canterburyinternational.com.au/wp-includes/js/dist/vendor/wp-polyfill-url.min5aed.js]
[www.canterburyinternational.com.au/wp-includes/js/dist/vendor/wp-polyfill-formdata.mine9bd.js]
[www.canterburyinternational.com.au/wp-includes/js/dist/vendor/wp-polyfill-element-closest.min4c56.js]
[www.canterburyinternational.com.au/wp-includes/js/dist/i18n.mina706.js]
[www.canterburyinternational.com.au/wp-includes/js/underscore.min4511.js]
[www.canterburyinternational.com.au/wp-includes/js/wp-util.min4c7e.js]
[www.canterburyinternational.com.au/wp-login.html]
[www.canterburyinternational.com.au/xmlrpc.php]
[www.canterburyinternational.com.au/wp-json/wp/v2/users/1.json]
[www.canterburyinternational.com.au/author/cl_admin/index.html]
[s.w.org/index.html]
[www.canterburyinternational.com.au/wp-loginc2b6.html]
[www.googletagmanager.com/gtm5445.html]
[www.canterburyinternational.com.au/wp-content/plugins/revslider/public/assets/fonts/revicons/revicons90c6.svg]
[www.canterburyinternational.com.au/wp-content/themes/clarion/assets/js/slicknav/icons/cart.html]
[www.canterburyinternational.com.au/wp-content/themes/clarion/assets/js/slicknav/icons/menu.html]
[www.canterburyinternational.com.au/wp-content/themes/clarion/assets/css/arroww.html]
[www.canterburyinternational.com.au/wp-content/themes/clarion/assets/js/slick/fonts/slick-2.html]
[www.canterburyinternational.com.au/extras/avatar.html]
[www.canterburyinternational.com.au/wp-content/plugins/js_composer/assets/fonts/vc_icons_v2/fonts/vcpb-plugin-iconsb82a.svg]
[www.canterburyinternational.com.au/wp-content/plugins/js_composer/assets/vc/blur.svg]
[www.canterburyinternational.com.au/wp-content/plugins/js_composer/assets/fonts/vc_grid/vc_grid_v157a1.svg]
[www.canterburyinternational.com.au/wp-content/plugins/js_composer/assets/lib/bower/font-awesome/webfonts/fa-brands-400.html]
[www.canterburyinternational.com.au/wp-content/plugins/js_composer/assets/lib/bower/font-awesome/webfonts/fa-brands-400.svg]
[www.canterburyinternational.com.au/wp-content/plugins/js_composer/assets/lib/bower/font-awesome/webfonts/fa-regular-400.html]
[www.canterburyinternational.com.au/wp-content/plugins/js_composer/assets/lib/bower/font-awesome/webfonts/fa-regular-400.svg]
[www.canterburyinternational.com.au/wp-content/plugins/js_composer/assets/lib/bower/font-awesome/webfonts/fa-solid-900.html]
[www.canterburyinternational.com.au/wp-content/plugins/js_composer/assets/lib/bower/font-awesome/webfonts/fa-solid-900.svg]
[www.canterburyinternational.com.au/wp-includes/js/jquery/jquery-migrate.mind617.js]
[www.canterburyinternational.com.au/wp-includes/js/jquery/jquery.min9d52.js]
[www.canterburyinternational.com.au/wp-content/plugins/smart-slider-3/Public/SmartSlider3/Application/Frontend/Assets/dist/smartslider.min3ed9.css]
[www.canterburyinternational.com.au/wp-content/plugins/revslider/public/assets/js/jquery.themepunch.revolution.minf542.js]
[www.canterburyinternational.com.au/wp-content/plugins/revslider/public/assets/js/jquery.themepunch.tools.minf542.js]
[www.facebook.com/trb3ad.gif]
[www.canterburyinternational.com.au/wp-content/uploads/2018/04/canterbury_international_hotel-100x100.png]
[connect.facebook.net/en_US/fbevents.js]
[pixboost.com/api/2/img/http_/canterburyinternational.com.au/wp-content/uploads/2018/03/accommodation-1.jpg/resize92b7.jpg]
[www.canterburyinternational.com.au/accommodation-2/index.html]
[pixboost.com/api/2/img/http_/canterburyinternational.com.au/wp-content/uploads/2018/03/conferences.jpg/resize92b7.jpg]
[pixboost.com/api/2/img/http_/canterburyinternational.com.au/wp-content/uploads/2018/03/olivers-restaurant.jpg/resize92b7.jpg]
[www.canterburyinternational.com.au/wp-content/uploads/2020/07/m_image.png]
[www.canterburyinternational.com.au/wp-content/themes/clarion/assets/images/24/btn-instagram.png]
[www.canterburyinternational.com.au/wp-content/themes/clarion/assets/images/22/btn-facebook.png]
[www.canterburyinternational.com.au/wp-content/themes/clarion/assets/images/linkedin-round.png]
[www.canterburyinternational.com.au/wp-content/themes/clarion/assets/images/39/tripadvisor.png]
[www.canterburyinternational.com.au/wp-content/uploads/2021/03/1.png]
[www.canterburyinternational.com.au/wp-content/uploads/2021/03/2.png]
[www.canterburyinternational.com.au/terms-conditions/index.html]
[www.canterburyinternational.com.au/wp-content/uploads/2021/03/3.png]
[www.canterburyinternational.com.au/wp-content/uploads/2021/03/4.png]
[gmpg.org/xfn/default.css]
[www.canterburyinternational.com.au/wp-content/plugins/contact-form-7/includes/js/scripts9dff.js]
[www.canterburyinternational.com.au/conference_rooms/savoy-room/index.html]
[www.canterburyinternational.com.au/wp-content/themes/clarion/assets/js/skip-link-focus-fix5152.js]
[www.canterburyinternational.com.au/wp-content/uploads/2018/03/STD@025x.jpg]
[www.canterburyinternational.com.au/conference_rooms/regency-room/index.html]
[pixboost.com/api/2/img/https_/canterburyinternational.com.au/wp-content/uploads/2019/04/CanterburyInternational_041.jpg/resize92b7.jpg]
[pixboost.com/api/2/img/https_/canterburyinternational.com.au/wp-content/uploads/2019/04/IMG_4802-r.jpg/resize92b7.jpg]
[pixboost.com/api/2/img/https_/canterburyinternational.com.au/wp-content/uploads/2019/07/IMG_0469-e1562304246423.jpg/resize92b7.jpg]
[pixboost.com/api/2/img/http_/canterburyinternational.com.au/wp-content/uploads/2018/03/bride.jpg/resize92b7.jpg]
[www.canterburyinternational.com.au/conference_rooms/ballroom/index.html]
[pixboost.com/api/2/img/http_/canterburyinternational.com.au/wp-content/uploads/2018/03/ballroom-wedding.jpg/resize92b7.jpg]
[pixboost.com/api/2/img/http_/canterburyinternational.com.au/wp-content/uploads/2018/03/atrium-wedding.jpg/resize92b7.jpg]
[pixboost.com/api/2/img/http_/canterburyinternational.com.au/wp-content/uploads/2018/03/courtyard-wedding.jpg/resize92b7.jpg]
[www.canterburyinternational.com.au/wp-content/uploads/2018/03/courtyard.jpg]
[www.canterburyinternational.com.au/conference_rooms/yorkshire-boardroom/index.html]
[www.canterburyinternational.com.au/wp-content/uploads/2020/01/20180930-1-1.jpg]
[www.canterburyinternational.com.au/wp-content/uploads/2020/01/20180930-1-5-1.jpg]
[www.canterburyinternational.com.au/wp-content/uploads/2020/01/20180930-1-2-1.jpg]
[www.canterburyinternational.com.au/conference_rooms/oakford-room/index.html]
[www.canterburyinternational.com.au/wp-content/uploads/2020/01/20180930-1-3-1.jpg]
[www.canterburyinternational.com.au/wp-content/uploads/2020/01/1000-Steps-visitdandenongranges.jpg]
[www.canterburyinternational.com.au/wp-content/uploads/2020/01/skyhigh.jpg]
[www.canterburyinternational.com.au/wp-content/uploads/2020/01/slider_2-1.jpg]
[www.canterburyinternational.com.au/conference_rooms/index.html]
[www.canterburyinternational.com.au/wp-content/uploads/2020/01/tulip.jpg]
[www.canterburyinternational.com.au/wp-content/uploads/2019/06/IMG_5557.jpg]
[www.canterburyinternational.com.au/feed/index.html]
[www.canterburyinternational.com.au/wp-content/uploads/2018/03/Savoy-Room-Boardroom-Setup-r@025x.jpg]
[www.canterburyinternational.com.au/comments/feed/index.html]
[www.canterburyinternational.com.au/2018/03/19/hello-world/index.html]
[www.canterburyinternational.com.au/wp-content/uploads/2018/03/Savoy-room-Theatre-Setup-r@025x.jpg]
[www.canterburyinternational.com.au/xmlrpc.php]
[www.canterburyinternational.com.au/wp-includes/js/zxcvbn-async.min5152.js]
[www.canterburyinternational.com.au/wp-includes/js/dist/vendor/wp-polyfill-node-contains.min2e00.js]
[www.canterburyinternational.com.au/wp-includes/js/dist/vendor/wp-polyfill-fetch.min6e0e.js]
[www.canterburyinternational.com.au/wp-includes/js/dist/vendor/wp-polyfill-dom-rect.min2e00.js]
[www.canterburyinternational.com.au/wp-includes/js/dist/vendor/wp-polyfill-url.min5aed.js]
[www.canterburyinternational.com.au/wp-includes/js/dist/vendor/wp-polyfill-formdata.mine9bd.js]
[www.canterburyinternational.com.au/wp-includes/fonts/dashicons7d4b.eot]
[www.canterburyinternational.com.au/wp-includes/js/dist/vendor/wp-polyfill-element-closest.min4c56.js]
[www.canterburyinternational.com.au/wp-includes/js/dist/i18n.mina706.js]
[www.canterburyinternational.com.au/wp-content/uploads/2020/02/front-v2-e1586505412860.png]
[www.canterburyinternational.com.au/wp-includes/fonts/dashicons7d4b.ttf]
[www.canterburyinternational.com.au/wp-includes/css/dashicons.min4c7e.css]
[www.canterburyinternational.com.au/wp-includes/css/buttons.min4c7e.css]
[www.canterburyinternational.com.au/wp-content/uploads/2021/03/High-Tea-1.png]
[www.canterburyinternational.com.au/POST.html]
[www.canterburyinternational.com.au/wp-includes/js/wp-util.min4c7e.js]
[www.canterburyinternational.com.au/wp-includes/js/underscore.min4511.js]
[www.canterburyinternational.com.au/covid/index.html]
[www.canterburyinternational.com.au/conference_rooms/stamford-boardroom/index.html]
[www.canterburyinternational.com.au/wp-includes/fonts/dashicons7d4b.ttf]
[www.canterburyinternational.com.au/wp-json/wp/v2/users/1.json]
[www.canterburyinternational.com.au/olivers-restaurant/index.html]
